// Jest Snapshot v1, https://goo.gl/fbAQLP

exports[`variations create creates a variation and returns the full feature in headless mode 1`] = `
"{\\"_id\\":\\"63b5eea3e6e91987bae47f3a\\",\\"_project\\":\\"63b5ee5de6e91987bae47f01\\",\\"source\\":\\"dashboard\\",\\"type\\":\\"experiment\\",\\"name\\":\\"First Feature\\",\\"description\\":\\"\\",\\"_createdBy\\":\\"google-oauth2|111559006563333334214\\",\\"createdAt\\":\\"2023-01-04T21:24:51.870Z\\",\\"updatedAt\\":\\"2023-06-16T19:27:14.862Z\\",\\"variations\\":[{\\"_id\\":\\"63b5eea3e6e91987bae47f40\\",\\"key\\":\\"yo\\",\\"name\\":\\"Yo\\",\\"variables\\":{\\"new-variable\\":false,\\"first-feature\\":true}},{\\"_id\\":\\"63b5eea3e6e91987bae47f41\\",\\"key\\":\\"variation-a\\",\\"name\\":\\"Variation A\\",\\"variables\\":{}},{\\"_id\\":\\"63b5eea3e6e91987bae47f42\\",\\"key\\":\\"variation-b\\",\\"name\\":\\"Variation B\\",\\"variables\\":{}}],\\"controlVariation\\":\\"control\\",\\"variables\\":[{\\"_id\\":\\"63b5eea3e6e91987bae47f3c\\",\\"_project\\":\\"63b5ee5de6e91987bae47f01\\",\\"_feature\\":\\"63b5eea3e6e91987bae47f3a\\",\\"name\\":\\"first-feature\\",\\"key\\":\\"first-feature\\",\\"type\\":\\"Boolean\\",\\"status\\":\\"active\\",\\"defaultValue\\":false,\\"source\\":\\"dashboard\\",\\"_createdBy\\":\\"google-oauth2|111559006563333334214\\",\\"createdAt\\":\\"2023-01-04T21:24:51.877Z\\",\\"updatedAt\\":\\"2023-01-04T21:24:51.877Z\\"}],\\"tags\\":[],\\"readonly\\":false,\\"settings\\":{\\"optInEnabled\\":false,\\"publicName\\":\\"\\",\\"publicDescription\\":\\"\\"},\\"sdkVisibility\\":{\\"client\\":false,\\"mobile\\":false,\\"server\\":true}}
"
`;

exports[`variations create creates a variation and returns the full feature in interactive mode 1`] = `
"{
  \\"_id\\": \\"63b5eea3e6e91987bae47f3a\\",
  \\"_project\\": \\"63b5ee5de6e91987bae47f01\\",
  \\"source\\": \\"dashboard\\",
  \\"type\\": \\"experiment\\",
  \\"name\\": \\"First Feature\\",
  \\"description\\": \\"\\",
  \\"_createdBy\\": \\"google-oauth2|111559006563333334214\\",
  \\"createdAt\\": \\"2023-01-04T21:24:51.870Z\\",
  \\"updatedAt\\": \\"2023-06-16T19:27:14.862Z\\",
  \\"variations\\": [
    {
      \\"_id\\": \\"63b5eea3e6e91987bae47f40\\",
      \\"key\\": \\"yo\\",
      \\"name\\": \\"Yo\\",
      \\"variables\\": {
        \\"new-variable\\": false,
        \\"first-feature\\": true
      }
    },
    {
      \\"_id\\": \\"63b5eea3e6e91987bae47f41\\",
      \\"key\\": \\"variation-a\\",
      \\"name\\": \\"Variation A\\",
      \\"variables\\": {}
    },
    {
      \\"_id\\": \\"63b5eea3e6e91987bae47f42\\",
      \\"key\\": \\"variation-b\\",
      \\"name\\": \\"Variation B\\",
      \\"variables\\": {}
    }
  ],
  \\"controlVariation\\": \\"control\\",
  \\"variables\\": [
    {
      \\"_id\\": \\"63b5eea3e6e91987bae47f3c\\",
      \\"_project\\": \\"63b5ee5de6e91987bae47f01\\",
      \\"_feature\\": \\"63b5eea3e6e91987bae47f3a\\",
      \\"name\\": \\"first-feature\\",
      \\"key\\": \\"first-feature\\",
      \\"type\\": \\"Boolean\\",
      \\"status\\": \\"active\\",
      \\"defaultValue\\": false,
      \\"source\\": \\"dashboard\\",
      \\"_createdBy\\": \\"google-oauth2|111559006563333334214\\",
      \\"createdAt\\": \\"2023-01-04T21:24:51.877Z\\",
      \\"updatedAt\\": \\"2023-01-04T21:24:51.877Z\\"
    }
  ],
  \\"tags\\": [],
  \\"readonly\\": false,
  \\"settings\\": {
    \\"optInEnabled\\": false,
    \\"publicName\\": \\"\\",
    \\"publicDescription\\": \\"\\"
  },
  \\"sdkVisibility\\": {
    \\"client\\": false,
    \\"mobile\\": false,
    \\"server\\": true
  }
}
"
`;

exports[`variations create errors when missing required flags in headless mode 1`] = `
"key is a required field
name is a required field
"
`;

exports[`variations create prompts for missing fields in interactive mode 1`] = `
"{
  \\"_id\\": \\"63b5eea3e6e91987bae47f3a\\",
  \\"_project\\": \\"63b5ee5de6e91987bae47f01\\",
  \\"source\\": \\"dashboard\\",
  \\"type\\": \\"experiment\\",
  \\"name\\": \\"First Feature\\",
  \\"description\\": \\"\\",
  \\"_createdBy\\": \\"google-oauth2|111559006563333334214\\",
  \\"createdAt\\": \\"2023-01-04T21:24:51.870Z\\",
  \\"updatedAt\\": \\"2023-06-16T19:27:14.862Z\\",
  \\"variations\\": [
    {
      \\"_id\\": \\"63b5eea3e6e91987bae47f40\\",
      \\"key\\": \\"yo\\",
      \\"name\\": \\"Yo\\",
      \\"variables\\": {
        \\"new-variable\\": false,
        \\"first-feature\\": true
      }
    },
    {
      \\"_id\\": \\"63b5eea3e6e91987bae47f41\\",
      \\"key\\": \\"variation-a\\",
      \\"name\\": \\"Variation A\\",
      \\"variables\\": {}
    },
    {
      \\"_id\\": \\"63b5eea3e6e91987bae47f42\\",
      \\"key\\": \\"variation-b\\",
      \\"name\\": \\"Variation B\\",
      \\"variables\\": {}
    }
  ],
  \\"controlVariation\\": \\"control\\",
  \\"variables\\": [
    {
      \\"_id\\": \\"63b5eea3e6e91987bae47f3c\\",
      \\"_project\\": \\"63b5ee5de6e91987bae47f01\\",
      \\"_feature\\": \\"63b5eea3e6e91987bae47f3a\\",
      \\"name\\": \\"first-feature\\",
      \\"key\\": \\"first-feature\\",
      \\"type\\": \\"Boolean\\",
      \\"status\\": \\"active\\",
      \\"defaultValue\\": false,
      \\"source\\": \\"dashboard\\",
      \\"_createdBy\\": \\"google-oauth2|111559006563333334214\\",
      \\"createdAt\\": \\"2023-01-04T21:24:51.877Z\\",
      \\"updatedAt\\": \\"2023-01-04T21:24:51.877Z\\"
    }
  ],
  \\"tags\\": [],
  \\"readonly\\": false,
  \\"settings\\": {
    \\"optInEnabled\\": false,
    \\"publicName\\": \\"\\",
    \\"publicDescription\\": \\"\\"
  },
  \\"sdkVisibility\\": {
    \\"client\\": false,
    \\"mobile\\": false,
    \\"server\\": true
  }
}
"
`;
