// Vitest Snapshot v1, https://vitest.dev/guide/snapshot.html

exports[`features get > fetches multiple features by space-separated positional arguments 1`] = `
"[
  {
    "name": "first feature",
    "key": "first-feature",
    "_id": "id1",
    "_project": "string",
    "source": "api",
    "_createdBy": "string",
    "createdAt": "2019-08-24T14:15:22Z",
    "updatedAt": "2019-08-24T14:15:22Z",
    "variations": [],
    "controlVariation": "variation_id",
    "variables": [],
    "tags": [],
    "ldLink": "string",
    "readonly": true,
    "settings": {},
    "sdkVisibility": {
      "mobile": true,
      "client": true,
      "server": true
    }
  },
  {
    "name": "second feature",
    "key": "second-feature",
    "_id": "id2",
    "_project": "string",
    "source": "api",
    "_createdBy": "string",
    "createdAt": "2019-08-24T14:15:22Z",
    "updatedAt": "2019-08-24T14:15:22Z",
    "variations": [],
    "controlVariation": "variation_id",
    "variables": [],
    "tags": [],
    "ldLink": "string",
    "readonly": true,
    "settings": {},
    "sdkVisibility": {
      "mobile": true,
      "client": true,
      "server": true
    }
  }
]
"
`;

exports[`features get > passes pagination params to api 1`] = `
"[]
"
`;

exports[`features get > passes search param to api 1`] = `
"[]
"
`;

exports[`features get > returns a list of feature objects 1`] = `
"[
  {
    "name": "first feature",
    "key": "first-feature",
    "_id": "id1",
    "_project": "string",
    "source": "api",
    "_createdBy": "string",
    "createdAt": "2019-08-24T14:15:22Z",
    "updatedAt": "2019-08-24T14:15:22Z",
    "variations": [],
    "controlVariation": "variation_id",
    "variables": [],
    "tags": [],
    "ldLink": "string",
    "readonly": true,
    "settings": {},
    "sdkVisibility": {
      "mobile": true,
      "client": true,
      "server": true
    }
  },
  {
    "name": "second feature",
    "key": "second-feature",
    "_id": "id2",
    "_project": "string",
    "source": "api",
    "_createdBy": "string",
    "createdAt": "2019-08-24T14:15:22Z",
    "updatedAt": "2019-08-24T14:15:22Z",
    "variations": [],
    "controlVariation": "variation_id",
    "variables": [],
    "tags": [],
    "ldLink": "string",
    "readonly": true,
    "settings": {},
    "sdkVisibility": {
      "mobile": true,
      "client": true,
      "server": true
    }
  }
]
"
`;
